User@DESKTOP-AV9FK7U MINGW64 ~/OneDrive - Atlantic TU/IaC/Powershell
$ git init
Initialized empty Git repository in C:/Users/User/OneDrive - Atlantic TU/IaC/Powershell/.git/

User@DESKTOP-AV9FK7U MINGW64 ~/OneDrive - Atlantic TU/IaC/Powershell (master)
$ git add .

User@DESKTOP-AV9FK7U MINGW64 ~/OneDrive - Atlantic TU/IaC/Powershell (master)
$ git commit -m "Powershell scripts"
[master (root-commit) 5eb5374] Powershell scripts
 4 files changed, 20 insertions(+)
 create mode 100644 1. InstallPreReqs.ps1
 create mode 100644 2. Setup.ps1
 create mode 100644 3. InstallPS7.ps1
 create mode 100644 variables.ps1

User@DESKTOP-AV9FK7U MINGW64 ~/OneDrive - Atlantic TU/IaC/Powershell (master)
$ git branch -M main

User@DESKTOP-AV9FK7U MINGW64 ~/OneDrive - Atlantic TU/IaC/Powershell (main)
$ git push -u origin main
fatal: 'origin' does not appear to be a git repository
fatal: Could not read from remote repository.

Please make sure you have the correct access rights
and the repository exists.

User@DESKTOP-AV9FK7U MINGW64 ~/OneDrive - Atlantic TU/IaC/Powershell (main)
$ git push origin main
fatal: 'origin' does not appear to be a git repository
fatal: Could not read from remote repository.

Please make sure you have the correct access rights
and the repository exists.

User@DESKTOP-AV9FK7U MINGW64 ~/OneDrive - Atlantic TU/IaC/Powershell (main)
$ git remote add origin https://github.com/Munish77/Poweshell.git

User@DESKTOP-AV9FK7U MINGW64 ~/OneDrive - Atlantic TU/IaC/Powershell (main)
$ git push -u origin main
Enumerating objects: 6, done.
Counting objects: 100% (6/6), done.
Delta compression using up to 4 threads
Compressing objects: 100% (6/6), done.
Writing objects: 100% (6/6), 789 bytes | 789.00 KiB/s, done.
Total 6 (delta 0), reused 0 (delta 0), pack-reused 0
To https://github.com/Munish77/Poweshell.git
 * [new branch]      main -> main
branch 'main' set up to track 'origin/main'.

User@DESKTOP-AV9FK7U MINGW64 ~/OneDrive - Atlantic TU/IaC/Powershell (main)
$ git checkout -b BugFix
Switched to a new branch 'BugFix'

User@DESKTOP-AV9FK7U MINGW64 ~/OneDrive - Atlantic TU/IaC/Powershell (BugFix)
$ git status
On branch BugFix
Untracked files:
  (use "git add <file>..." to include in what will be committed)
        README.md

nothing added to commit but untracked files present (use "git add" to track)

User@DESKTOP-AV9FK7U MINGW64 ~/OneDrive - Atlantic TU/IaC/Powershell (BugFix)
$ git add .

User@DESKTOP-AV9FK7U MINGW64 ~/OneDrive - Atlantic TU/IaC/Powershell (BugFix)
$ git commit -m "First commit"
[BugFix 19af3bd] First commit
 1 file changed, 4 insertions(+)
 create mode 100644 README.md

User@DESKTOP-AV9FK7U MINGW64 ~/OneDrive - Atlantic TU/IaC/Powershell (BugFix)
$ git checkout main
Switched to branch 'main'
Your branch is up to date with 'origin/main'.

User@DESKTOP-AV9FK7U MINGW64 ~/OneDrive - Atlantic TU/IaC/Powershell (main)
$ git merge BugFix
Updating 5eb5374..19af3bd
Fast-forward
 README.md | 4 ++++
 1 file changed, 4 insertions(+)
 create mode 100644 README.md

User@DESKTOP-AV9FK7U MINGW64 ~/OneDrive - Atlantic TU/IaC/Powershell (main)
$ git push origin main
Enumerating objects: 4, done.
Counting objects: 100% (4/4), done.
Delta compression using up to 4 threads
Compressing objects: 100% (3/3), done.
Writing objects: 100% (3/3), 421 bytes | 421.00 KiB/s, done.
Total 3 (delta 1), reused 0 (delta 0), pack-reused 0
remote: Resolving deltas: 100% (1/1), completed with 1 local object.
To https://github.com/Munish77/Poweshell.git
   5eb5374..19af3bd  main -> main

User@DESKTOP-AV9FK7U MINGW64 ~/OneDrive - Atlantic TU/IaC/Powershell (main)
$ git branch
  BugFix
* main

User@DESKTOP-AV9FK7U MINGW64 ~/OneDrive - Atlantic TU/IaC/Powershell (main)
$ git checkout BugFix
Switched to branch 'BugFix'

User@DESKTOP-AV9FK7U MINGW64 ~/OneDrive - Atlantic TU/IaC/Powershell (BugFix)
$ git push origin
fatal: The current branch BugFix has no upstream branch.
To push the current branch and set the remote as upstream, use

    git push --set-upstream origin BugFix

To have this happen automatically for branches without a tracking
upstream, see 'push.autoSetupRemote' in 'git help config'.


User@DESKTOP-AV9FK7U MINGW64 ~/OneDrive - Atlantic TU/IaC/Powershell (BugFix)
$ git push --set-upstream origin BugFix
Total 0 (delta 0), reused 0 (delta 0), pack-reused 0
To https://github.com/Munish77/Poweshell.git
   5eb5374..19af3bd  BugFix -> BugFix
branch 'BugFix' set up to track 'origin/BugFix'.

User@DESKTOP-AV9FK7U MINGW64 ~/OneDrive - Atlantic TU/IaC/Powershell (BugFix)
$ git push origin
Everything up-to-date

User@DESKTOP-AV9FK7U MINGW64 ~/OneDrive - Atlantic TU/IaC/Powershell (BugFix)
$
